<?xml version="1.0" encoding="UTF-8"?>
<TestRun id="531b936b-173c-4a69-b0bd-6d95c5e7d550" name="Вячеслав@DESKTOP-TTLLGCL 2019-01-12 21:11:54" runUser="DESKTOP-TTLLGCL\Вячеслав" xmlns="http://microsoft.com/schemas/VisualStudio/TeamTest/2010">
  <TestSettings name="Локальные" id="5fdf19ff-2d5a-4ee7-932d-751de276f1a0">
    <Description>Это - параметры по умолчанию для локального тестового запуска.</Description>
    <Deployment enabled="false" runDeploymentRoot="Вячеслав_DESKTOP-TTLLGCL 2019-01-12 21_11_54">
      <DeploymentItem filename="C:\Users\Вячеслав\Desktop\Calculator\Calculator\bin\Debug\Calculator.exe" />
    </Deployment>
    <Execution>
      <TestTypeSpecific />
      <AgentRule name="Execution Agents">
      </AgentRule>
    </Execution>
  </TestSettings>
  <Times creation="2019-01-12T21:11:54.9134295+03:00" queuing="2019-01-12T21:11:55.6090111+03:00" start="2019-01-12T21:11:55.6789984+03:00" finish="2019-01-12T21:11:56.0687932+03:00" />
  <ResultSummary outcome="Completed">
    <Counters total="1" executed="1" passed="1" error="0" failed="0" timeout="0" aborted="0" inconclusive="0" passedButRunAborted="0" notRunnable="0" notExecuted="0" disconnected="0" warning="0" completed="0" inProgress="0" pending="0" />
  </ResultSummary>
  <TestDefinitions>
    <UnitTest name="СomputeExpression1" storage="c:\users\вячеслав\desktop\calculator\calculator.tests\bin\debug\calculator.tests.dll" id="996ee9de-6370-d658-e339-bfcc1da43a98">
      <Execution id="9ab45d1c-a938-43de-bd7d-2ef3b1ee624f" />
      <TestMethod codeBase="C:/Users/Вячеслав/Desktop/Calculator/Calculator.Tests/bin/Debug/Calculator.Tests.DLL" adapterTypeName="Microsoft.VisualStudio.TestTools.TestTypes.Unit.UnitTestAdapter, Microsoft.VisualStudio.QualityTools.Tips.UnitTest.Adapter, Version=10.0.0.0, Culture=neutral, PublicKeyToken=b03f5f7f11d50a3a" className="Calculator.Tests.MyCalcTest, Calculator.Tests, Version=1.0.0.0, Culture=neutral, PublicKeyToken=null" name="СomputeExpression1" />
    </UnitTest>
  </TestDefinitions>
  <TestLists>
    <TestList name="Отсутствующие в списке результаты" id="8c84fa94-04c1-424b-9868-57a2d4851a1d" />
    <TestList name="Все загруженные результаты" id="19431567-8539-422a-85d7-44ee4e166bda" />
  </TestLists>
  <TestEntries>
    <TestEntry testId="996ee9de-6370-d658-e339-bfcc1da43a98" executionId="9ab45d1c-a938-43de-bd7d-2ef3b1ee624f" testListId="8c84fa94-04c1-424b-9868-57a2d4851a1d" />
  </TestEntries>
  <Results>
    <UnitTestResult executionId="9ab45d1c-a938-43de-bd7d-2ef3b1ee624f" testId="996ee9de-6370-d658-e339-bfcc1da43a98" testName="СomputeExpression1" computerName="DESKTOP-TTLLGCL" duration="00:00:00.0363213" startTime="2019-01-12T21:11:55.7088006+03:00" endTime="2019-01-12T21:11:56.0308624+03:00" testType="13cdc9d9-ddb5-4fa4-a97d-d965ccfc6d4b" outcome="Passed" testListId="8c84fa94-04c1-424b-9868-57a2d4851a1d" relativeResultsDirectory="9ab45d1c-a938-43de-bd7d-2ef3b1ee624f">
    </UnitTestResult>
  </Results>
</TestRun>